// Jest Snapshot v1, https://goo.gl/fbAQLP

exports[`renders correctly App component 1`] = `
<Provider
  store={
    Object {
      "@@observable": [Function],
      "dispatch": [Function],
      "getState": [Function],
      "replaceReducer": [Function],
      "subscribe": [Function],
    }
  }
>
  <Container
    fluid={true}
    tag="div"
  >
    <Connect(TodoForm) />
    <Connect(Todo) />
  </Container>
</Provider>
`;
